// Jest Snapshot v1, https://goo.gl/fbAQLP

exports[`renders without crashing 1`] = `
<button
  id="counter"
  onClick={[Function]}
>
  Count: 
  0
</button>
`;
